00:00 +0: loading C:/Proyectos/DemoLife/integration_test/extended_tests_optimized.dart
Building Windows application...                                 
C:\flutter\bin\flutter.bat : 
lib/screens/institutions/institutions_list_screen.dart(490,49): 
error G297C951C: Can't find ')' to match '('. [C:\Proyectos\DemoL
ife\build\windows\x64\flutter\flutter_assemble.vcxproj]
En línea: 1 Carácter: 1
+ C:\flutter\bin\flutter.bat test 
integration_test/extended_tests_optim ...
+ ~~~~~~~~~~~~~~~~~~~~~~~~~~~~~~~~~~~~~~~~~~~~~~~~~~~~~~~~~~~~~~~
~~~~~~
    + CategoryInfo          : NotSpecified: 
(lib/screens/ins...semb    le.vcxproj]:String) [], 
RemoteException
    + FullyQualifiedErrorId : NativeCommandError
 
lib/screens/institutions/institutions_list_screen.dart(475,96): 
error G297C951C: Can't find '}' to match '{'. [C:\Proyectos\DemoL
ife\build\windows\x64\flutter\flutter_assemble.vcxproj]
lib/screens/institutions/institutions_list_screen.dart(19,74): 
error G297C951C: Can't find '}' to match '{'. [C:\Proyectos\DemoL
ife\build\windows\x64\flutter\flutter_assemble.vcxproj]
lib/screens/institutions/institutions_list_screen.dart(178,36): 
error GE5CFE876: The method '_navigateToForm' isn't defined for 
the class '_InstitutionsListScreenState'. [C:\Proyectos\DemoLife\
build\windows\x64\flutter\flutter_assemble.vcxproj]
lib/screens/institutions/institutions_list_screen.dart(304,32): 
error GE5CFE876: The method '_navigateToCreateInstitutionAdmin' 
isn't defined for the class '_InstitutionsListScreenState'. [C:\P
royectos\DemoLife\build\windows\x64\flutter\flutter_assemble.vcxp
roj]
lib/screens/institutions/institutions_list_screen.dart(317,30): 
error GE5CFE876: The method '_navigateToForm' isn't defined for 
the class '_InstitutionsListScreenState'. [C:\Proyectos\DemoLife\
build\windows\x64\flutter\flutter_assemble.vcxproj]
lib/screens/institutions/institutions_list_screen.dart(392,24): 
error GE5CFE876: The method '_navigateToForm' isn't defined for 
the class '_InstitutionsListScreenState'. [C:\Proyectos\DemoLife\
build\windows\x64\flutter\flutter_assemble.vcxproj]
lib/screens/institutions/institutions_list_screen.dart(404,9): 
error GE5CFE876: The method '_navigateToCreateInstitutionAdmin' 
isn't defined for the class '_InstitutionsListScreenState'. [C:\P
royectos\DemoLife\build\windows\x64\flutter\flutter_assemble.vcxp
roj]
lib/screens/institutions/institutions_list_screen.dart(408,9): 
error GE5CFE876: The method '_navigateToForm' isn't defined for 
the class '_InstitutionsListScreenState'. [C:\Proyectos\DemoLife\
build\windows\x64\flutter\flutter_assemble.vcxproj]
lib/screens/institutions/institutions_list_screen.dart(497,10): 
error G67247B7E: Expected ';' after this. [C:\Proyectos\DemoLife\
build\windows\x64\flutter\flutter_assemble.vcxproj]
C:\Program Files (x86)\Microsoft Visual Studio\2022\BuildTools\MS
Build\Microsoft\VC\v170\Microsoft.CppCommon.targets(254,5): 
error MSB8066: Compilaci´┐¢n personalizada de "C:\Proyectos\DemoL
ife\build\windows\x64\CMakeFiles\62744e0be1173051fac66d0026c6f0a0
\flutter_windows.dll.rule;C:\Proyectos\DemoLife\build\windows\x64
\CMakeFiles\bc876a55a36459e9bae398e7e377c2b4\flutter_assemble.rul
e" terminada con el c´┐¢digo 1. [C:\Proyectos\DemoLife\build\wind
ows\x64\flutter\flutter_assemble.vcxproj]
Building Windows application...                                    28,6s
00:00 +0 -1: loading C:/Proyectos/DemoLife/integration_test/extended_tests_optimized.dart [E]
  Failed to load "C:/Proyectos/DemoLife/integration_test/extended_tests_optimized.dart": Build process failed.
  package:flutter_tools/src/base/common.dart 10:3                    throwToolExit
  package:flutter_tools/src/windows/build_windows.dart 266:5         _runBuild
  ===== asynchronous gap ===========================
  package:flutter_tools/src/windows/build_windows.dart 111:5         buildWindows
  ===== asynchronous gap ===========================
  package:flutter_tools/src/windows/windows_device.dart 65:5         WindowsDevice.buildForDevice
  ===== asynchronous gap ===========================
  package:flutter_tools/src/desktop_device.dart 120:7                DesktopDevice.startApp
  ===== asynchronous gap ===========================
  package:flutter_tools/src/test/integration_test_device.dart 55:39  IntegrationTestTestDevice.start
  ===== asynchronous gap ===========================
  package:flutter_tools/src/test/flutter_platform.dart 546:49        FlutterPlatform._startTest.<fn>
  ===== asynchronous gap ===========================
  package:flutter_tools/src/base/async_guard.dart 111:24             asyncGuard.<fn>
  
00:00 +0 -1: Some tests failed.
