npx : FAIL src/services/__tests__/horario.service.test.ts
En línea: 1 Carácter: 1
+ npx jest src/services/__tests__/horario.service.test.ts > 
test_output ...
+ ~~~~~~~~~~~~~~~~~~~~~~~~~~~~~~~~~~~~~~~~~~~~~~~~~~~~~~~~~~~~~~~
~~~~~~
    + CategoryInfo          : NotSpecified: (FAIL src/servic...s 
   ervice.test.ts:String) [], RemoteException
    + FullyQualifiedErrorId : NativeCommandError
 
  ÔùÅ Test suite failed to run

    [96msrc/services/horario.service.ts[0m:[93m725[0m:[93m40
[0m - [91merror[0m[90m TS2339: [0mProperty 'institucionId' 
does not exist on type '{ id: string; nombre: string; grado: 
string; seccion: string | null; }'.

    [7m725[0m           institucionId: 
horario.grupo.institucionId,
    [7m   [0m [91m                                       
~~~~~~~~~~~~~[0m
    [96msrc/services/horario.service.ts[0m:[93m726[0m:[93m36
[0m - [91merror[0m[90m TS2339: [0mProperty 'periodoId' does 
not exist on type '{ id: string; nombre: string; grado: string; 
seccion: string | null; }'.

    [7m726[0m           periodoId: horario.grupo.periodoId,
    [7m   [0m [91m                                   
~~~~~~~~~[0m
    [96msrc/services/horario.service.ts[0m:[93m727[0m:[93m36
[0m - [91merror[0m[90m TS2339: [0mProperty 'createdAt' does 
not exist on type '{ id: string; nombre: string; grado: string; 
seccion: string | null; }'.

    [7m727[0m           createdAt: 
horario.grupo.createdAt?.toISOString(),
    [7m   [0m [91m                                   
~~~~~~~~~[0m
    [96msrc/services/horario.service.ts[0m:[93m728[0m:[93m43
[0m - [91merror[0m[90m TS2339: [0mProperty 
'periodoAcademico' does not exist on type '{ id: string; nombre: 
string; grado: string; seccion: string | null; }'.

    [7m728[0m           periodoAcademico: 
horario.grupo.periodoAcademico ? {
    [7m   [0m [91m                                          
~~~~~~~~~~~~~~~~[0m
    [96msrc/services/horario.service.ts[0m:[93m729[0m:[93m31
[0m - [91merror[0m[90m TS2339: [0mProperty 
'periodoAcademico' does not exist on type '{ id: string; nombre: 
string; grado: string; seccion: string | null; }'.

    [7m729[0m             id: 
horario.grupo.periodoAcademico.id,
    [7m   [0m [91m                              
~~~~~~~~~~~~~~~~[0m
    [96msrc/services/horario.service.ts[0m:[93m730[0m:[93m35
[0m - [91merror[0m[90m TS2339: [0mProperty 
'periodoAcademico' does not exist on type '{ id: string; nombre: 
string; grado: string; seccion: string | null; }'.

    [7m730[0m             nombre: 
horario.grupo.periodoAcademico.nombre,
    [7m   [0m [91m                                  
~~~~~~~~~~~~~~~~[0m
    [96msrc/services/horario.service.ts[0m:[93m731[0m:[93m40
[0m - [91merror[0m[90m TS2339: [0mProperty 
'periodoAcademico' does not exist on type '{ id: string; nombre: 
string; grado: string; seccion: string | null; }'.

    [7m731[0m             fechaInicio: 
horario.grupo.periodoAcademico.fechaInicio.toISOString(),
    [7m   [0m [91m                                       
~~~~~~~~~~~~~~~~[0m
    [96msrc/services/horario.service.ts[0m:[93m732[0m:[93m37
[0m - [91merror[0m[90m TS2339: [0mProperty 
'periodoAcademico' does not exist on type '{ id: string; nombre: 
string; grado: string; seccion: string | null; }'.

    [7m732[0m             fechaFin: 
horario.grupo.periodoAcademico.fechaFin.toISOString(),
    [7m   [0m [91m                                    
~~~~~~~~~~~~~~~~[0m
    [96msrc/services/horario.service.ts[0m:[93m733[0m:[93m35
[0m - [91merror[0m[90m TS2339: [0mProperty 
'periodoAcademico' does not exist on type '{ id: string; nombre: 
string; grado: string; seccion: string | null; }'.

    [7m733[0m             activo: 
horario.grupo.periodoAcademico.activo,
    [7m   [0m [91m                                  
~~~~~~~~~~~~~~~~[0m

Test Suites: 1 failed, 1 total
Tests:       0 total
Snapshots:   0 total
Time:        5.96 s
Ran all test suites matching 
src/services/__tests__/horario.service.test.ts.
